###############################################################################
#                                                                             #
# IAR ELF Linker V6.50.5.4819/W32 for ARM               16/May/2013  17:23:12 #
# Copyright 2007-2013 IAR Systems AB.                                         #
#                                                                             #
#    Output file  =  C:\Users\Denis\Box\My Box Files\ENGINEER\embedded\STM32L #
#                    152-EVAL\ST.com\STM32L152-EVAL_FW_V1.0.0\Project\STM32L1 #
#                    52-EVAL\EWARM\STM32L152-EVAL\Exe\STM32L152-EVAL.out      #
#    Map file     =  C:\Users\Denis\Box\My Box Files\ENGINEER\embedded\STM32L #
#                    152-EVAL\ST.com\STM32L152-EVAL_FW_V1.0.0\Project\STM32L1 #
#                    52-EVAL\EWARM\STM32L152-EVAL\List\STM32L152-EVAL.map     #
#    Command line =  "C:\Users\Denis\Box\My Box Files\ENGINEER\embedded\STM32 #
#                    L152-EVAL\ST.com\STM32L152-EVAL_FW_V1.0.0\Project\STM32L #
#                    152-EVAL\EWARM\STM32L152-EVAL\Obj\ff.o"                  #
#                    "C:\Users\Denis\Box\My Box Files\ENGINEER\embedded\STM32 #
#                    L152-EVAL\ST.com\STM32L152-EVAL_FW_V1.0.0\Project\STM32L #
#                    152-EVAL\EWARM\STM32L152-EVAL\Obj\main.o"                #
#                    "C:\Users\Denis\Box\My Box Files\ENGINEER\embedded\STM32 #
#                    L152-EVAL\ST.com\STM32L152-EVAL_FW_V1.0.0\Project\STM32L #
#                    152-EVAL\EWARM\STM32L152-EVAL\Obj\menu.o"                #
#                    "C:\Users\Denis\Box\My Box Files\ENGINEER\embedded\STM32 #
#                    L152-EVAL\ST.com\STM32L152-EVAL_FW_V1.0.0\Project\STM32L #
#                    152-EVAL\EWARM\STM32L152-EVAL\Obj\misc.o"                #
#                    "C:\Users\Denis\Box\My Box Files\ENGINEER\embedded\STM32 #
#                    L152-EVAL\ST.com\STM32L152-EVAL_FW_V1.0.0\Project\STM32L #
#                    152-EVAL\EWARM\STM32L152-EVAL\Obj\otgd_fs_cal.o"         #
#                    "C:\Users\Denis\Box\My Box Files\ENGINEER\embedded\STM32 #
#                    L152-EVAL\ST.com\STM32L152-EVAL_FW_V1.0.0\Project\STM32L #
#                    152-EVAL\EWARM\STM32L152-EVAL\Obj\otgd_fs_dev.o"         #
#                    "C:\Users\Denis\Box\My Box Files\ENGINEER\embedded\STM32 #
#                    L152-EVAL\ST.com\STM32L152-EVAL_FW_V1.0.0\Project\STM32L #
#                    152-EVAL\EWARM\STM32L152-EVAL\Obj\otgd_fs_int.o"         #
#                    "C:\Users\Denis\Box\My Box Files\ENGINEER\embedded\STM32 #
#                    L152-EVAL\ST.com\STM32L152-EVAL_FW_V1.0.0\Project\STM32L #
#                    152-EVAL\EWARM\STM32L152-EVAL\Obj\otgd_fs_pcd.o"         #
#                    "C:\Users\Denis\Box\My Box Files\ENGINEER\embedded\STM32 #
#                    L152-EVAL\ST.com\STM32L152-EVAL_FW_V1.0.0\Project\STM32L #
#                    152-EVAL\EWARM\STM32L152-EVAL\Obj\startup_stm32l1xx_md.o #
#                    " "C:\Users\Denis\Box\My Box                             #
#                    Files\ENGINEER\embedded\STM32L152-EVAL\ST.com\STM32L152- #
#                    EVAL_FW_V1.0.0\Project\STM32L152-EVAL\EWARM\STM32L152-EV #
#                    AL\Obj\stm32_eval.o" "C:\Users\Denis\Box\My Box          #
#                    Files\ENGINEER\embedded\STM32L152-EVAL\ST.com\STM32L152- #
#                    EVAL_FW_V1.0.0\Project\STM32L152-EVAL\EWARM\STM32L152-EV #
#                    AL\Obj\stm32_eval_i2c_tsensor.o" "C:\Users\Denis\Box\My  #
#                    Box Files\ENGINEER\embedded\STM32L152-EVAL\ST.com\STM32L #
#                    152-EVAL_FW_V1.0.0\Project\STM32L152-EVAL\EWARM\STM32L15 #
#                    2-EVAL\Obj\stm32_eval_spi_sd.o" "C:\Users\Denis\Box\My   #
#                    Box Files\ENGINEER\embedded\STM32L152-EVAL\ST.com\STM32L #
#                    152-EVAL_FW_V1.0.0\Project\STM32L152-EVAL\EWARM\STM32L15 #
#                    2-EVAL\Obj\stm32l152_eval_glass_lcd.o"                   #
#                    "C:\Users\Denis\Box\My Box Files\ENGINEER\embedded\STM32 #
#                    L152-EVAL\ST.com\STM32L152-EVAL_FW_V1.0.0\Project\STM32L #
#                    152-EVAL\EWARM\STM32L152-EVAL\Obj\stm32l152_eval_lcd.o"  #
#                    "C:\Users\Denis\Box\My Box Files\ENGINEER\embedded\STM32 #
#                    L152-EVAL\ST.com\STM32L152-EVAL_FW_V1.0.0\Project\STM32L #
#                    152-EVAL\EWARM\STM32L152-EVAL\Obj\stm32l1xx_adc.o"       #
#                    "C:\Users\Denis\Box\My Box Files\ENGINEER\embedded\STM32 #
#                    L152-EVAL\ST.com\STM32L152-EVAL_FW_V1.0.0\Project\STM32L #
#                    152-EVAL\EWARM\STM32L152-EVAL\Obj\stm32l1xx_comp.o"      #
#                    "C:\Users\Denis\Box\My Box Files\ENGINEER\embedded\STM32 #
#                    L152-EVAL\ST.com\STM32L152-EVAL_FW_V1.0.0\Project\STM32L #
#                    152-EVAL\EWARM\STM32L152-EVAL\Obj\stm32l1xx_crc.o"       #
#                    "C:\Users\Denis\Box\My Box Files\ENGINEER\embedded\STM32 #
#                    L152-EVAL\ST.com\STM32L152-EVAL_FW_V1.0.0\Project\STM32L #
#                    152-EVAL\EWARM\STM32L152-EVAL\Obj\stm32l1xx_dac.o"       #
#                    "C:\Users\Denis\Box\My Box Files\ENGINEER\embedded\STM32 #
#                    L152-EVAL\ST.com\STM32L152-EVAL_FW_V1.0.0\Project\STM32L #
#                    152-EVAL\EWARM\STM32L152-EVAL\Obj\stm32l1xx_dbgmcu.o"    #
#                    "C:\Users\Denis\Box\My Box Files\ENGINEER\embedded\STM32 #
#                    L152-EVAL\ST.com\STM32L152-EVAL_FW_V1.0.0\Project\STM32L #
#                    152-EVAL\EWARM\STM32L152-EVAL\Obj\stm32l1xx_dma.o"       #
#                    "C:\Users\Denis\Box\My Box Files\ENGINEER\embedded\STM32 #
#                    L152-EVAL\ST.com\STM32L152-EVAL_FW_V1.0.0\Project\STM32L #
#                    152-EVAL\EWARM\STM32L152-EVAL\Obj\stm32l1xx_exti.o"      #
#                    "C:\Users\Denis\Box\My Box Files\ENGINEER\embedded\STM32 #
#                    L152-EVAL\ST.com\STM32L152-EVAL_FW_V1.0.0\Project\STM32L #
#                    152-EVAL\EWARM\STM32L152-EVAL\Obj\stm32l1xx_flash.o"     #
#                    "C:\Users\Denis\Box\My Box Files\ENGINEER\embedded\STM32 #
#                    L152-EVAL\ST.com\STM32L152-EVAL_FW_V1.0.0\Project\STM32L #
#                    152-EVAL\EWARM\STM32L152-EVAL\Obj\stm32l1xx_gpio.o"      #
#                    "C:\Users\Denis\Box\My Box Files\ENGINEER\embedded\STM32 #
#                    L152-EVAL\ST.com\STM32L152-EVAL_FW_V1.0.0\Project\STM32L #
#                    152-EVAL\EWARM\STM32L152-EVAL\Obj\stm32l1xx_i2c.o"       #
#                    "C:\Users\Denis\Box\My Box Files\ENGINEER\embedded\STM32 #
#                    L152-EVAL\ST.com\STM32L152-EVAL_FW_V1.0.0\Project\STM32L #
#                    152-EVAL\EWARM\STM32L152-EVAL\Obj\stm32l1xx_it.o"        #
#                    "C:\Users\Denis\Box\My Box Files\ENGINEER\embedded\STM32 #
#                    L152-EVAL\ST.com\STM32L152-EVAL_FW_V1.0.0\Project\STM32L #
#                    152-EVAL\EWARM\STM32L152-EVAL\Obj\stm32l1xx_lcd.o"       #
#                    "C:\Users\Denis\Box\My Box Files\ENGINEER\embedded\STM32 #
#                    L152-EVAL\ST.com\STM32L152-EVAL_FW_V1.0.0\Project\STM32L #
#                    152-EVAL\EWARM\STM32L152-EVAL\Obj\stm32l1xx_pwr.o"       #
#                    "C:\Users\Denis\Box\My Box Files\ENGINEER\embedded\STM32 #
#                    L152-EVAL\ST.com\STM32L152-EVAL_FW_V1.0.0\Project\STM32L #
#                    152-EVAL\EWARM\STM32L152-EVAL\Obj\stm32l1xx_rcc.o"       #
#                    "C:\Users\Denis\Box\My Box Files\ENGINEER\embedded\STM32 #
#                    L152-EVAL\ST.com\STM32L152-EVAL_FW_V1.0.0\Project\STM32L #
#                    152-EVAL\EWARM\STM32L152-EVAL\Obj\stm32l1xx_rtc.o"       #
#                    "C:\Users\Denis\Box\My Box Files\ENGINEER\embedded\STM32 #
#                    L152-EVAL\ST.com\STM32L152-EVAL_FW_V1.0.0\Project\STM32L #
#                    152-EVAL\EWARM\STM32L152-EVAL\Obj\stm32l1xx_spi.o"       #
#                    "C:\Users\Denis\Box\My Box Files\ENGINEER\embedded\STM32 #
#                    L152-EVAL\ST.com\STM32L152-EVAL_FW_V1.0.0\Project\STM32L #
#                    152-EVAL\EWARM\STM32L152-EVAL\Obj\stm32l1xx_syscfg.o"    #
#                    "C:\Users\Denis\Box\My Box Files\ENGINEER\embedded\STM32 #
#                    L152-EVAL\ST.com\STM32L152-EVAL_FW_V1.0.0\Project\STM32L #
#                    152-EVAL\EWARM\STM32L152-EVAL\Obj\stm32l1xx_tim.o"       #
#                    "C:\Users\Denis\Box\My Box Files\ENGINEER\embedded\STM32 #
#                    L152-EVAL\ST.com\STM32L152-EVAL_FW_V1.0.0\Project\STM32L #
#                    152-EVAL\EWARM\STM32L152-EVAL\Obj\stm32l1xx_usart.o"     #
#                    "C:\Users\Denis\Box\My Box Files\ENGINEER\embedded\STM32 #
#                    L152-EVAL\ST.com\STM32L152-EVAL_FW_V1.0.0\Project\STM32L #
#                    152-EVAL\EWARM\STM32L152-EVAL\Obj\system_stm32l1xx.o"    #
#                    "C:\Users\Denis\Box\My Box Files\ENGINEER\embedded\STM32 #
#                    L152-EVAL\ST.com\STM32L152-EVAL_FW_V1.0.0\Project\STM32L #
#                    152-EVAL\EWARM\STM32L152-EVAL\Obj\usb_core.o"            #
#                    "C:\Users\Denis\Box\My Box Files\ENGINEER\embedded\STM32 #
#                    L152-EVAL\ST.com\STM32L152-EVAL_FW_V1.0.0\Project\STM32L #
#                    152-EVAL\EWARM\STM32L152-EVAL\Obj\usb_init.o"            #
#                    "C:\Users\Denis\Box\My Box Files\ENGINEER\embedded\STM32 #
#                    L152-EVAL\ST.com\STM32L152-EVAL_FW_V1.0.0\Project\STM32L #
#                    152-EVAL\EWARM\STM32L152-EVAL\Obj\usb_int.o"             #
#                    "C:\Users\Denis\Box\My Box Files\ENGINEER\embedded\STM32 #
#                    L152-EVAL\ST.com\STM32L152-EVAL_FW_V1.0.0\Project\STM32L #
#                    152-EVAL\EWARM\STM32L152-EVAL\Obj\usb_mem.o"             #
#                    "C:\Users\Denis\Box\My Box Files\ENGINEER\embedded\STM32 #
#                    L152-EVAL\ST.com\STM32L152-EVAL_FW_V1.0.0\Project\STM32L #
#                    152-EVAL\EWARM\STM32L152-EVAL\Obj\usb_regs.o"            #
#                    "C:\Users\Denis\Box\My Box Files\ENGINEER\embedded\STM32 #
#                    L152-EVAL\ST.com\STM32L152-EVAL_FW_V1.0.0\Project\STM32L #
#                    152-EVAL\EWARM\STM32L152-EVAL\Obj\usb_sil.o" --redirect  #
#                    _Printf=_PrintfSmall --redirect _Scanf=_ScanfSmall -o    #
#                    "C:\Users\Denis\Box\My Box Files\ENGINEER\embedded\STM32 #
#                    L152-EVAL\ST.com\STM32L152-EVAL_FW_V1.0.0\Project\STM32L #
#                    152-EVAL\EWARM\STM32L152-EVAL\Exe\STM32L152-EVAL.out"    #
#                    --map "C:\Users\Denis\Box\My Box                         #
#                    Files\ENGINEER\embedded\STM32L152-EVAL\ST.com\STM32L152- #
#                    EVAL_FW_V1.0.0\Project\STM32L152-EVAL\EWARM\STM32L152-EV #
#                    AL\List\STM32L152-EVAL.map" --config                     #
#                    "C:\Users\Denis\Box\My Box Files\ENGINEER\embedded\STM32 #
#                    L152-EVAL\ST.com\STM32L152-EVAL_FW_V1.0.0\Project\STM32L #
#                    152-EVAL\EWARM\stm32l1xx_flash.icf" --semihosting        #
#                    --entry __iar_program_start --vfe                        #
#                                                                             #
#                                                                             #
###############################################################################

*******************************************************************************
*** RUNTIME MODEL ATTRIBUTES
***

CppFlavor       = *
__Heap_Handler  = Basic
__SystemLibrary = DLib


*******************************************************************************
*** PLACEMENT SUMMARY
***

"A1":  place at 0x08000000 { ro section .intvec };
"P1":  place in [from 0x08000000 to 0x0801ffff] { ro };
"P2":  place in [from 0x20000000 to 0x20003fff] { rw, block CSTACK, block HEAP };

  Section            Kind        Address    Size  Object
  -------            ----        -------    ----  ------
"A1":                                       0xf4
  .intvec            ro code  0x08000000    0xf4  startup_stm32l1xx_md.o [1]
                            - 0x080000f4    0xf4

"P1":                                     0x2d30
  .rodata            const    0x080000f4  0x11d0  stm32l152_eval_lcd.o [1]
  .text              ro code  0x080012c4   0x902  stm32l152_eval_lcd.o [1]
  .text              ro code  0x08001bc6    0x2e  copy_init3.o [5]
  .text              ro code  0x08001bf4    0xa0  stm32l1xx_spi.o [1]
  .text              ro code  0x08001c94    0xbc  stm32l1xx_rcc.o [1]
  .text              ro code  0x08001d50    0xae  stm32l1xx_gpio.o [1]
  .text              ro code  0x08001dfe    0x22  zero_init3.o [5]
  .text              ro code  0x08001e20   0x688  stm32l1xx_it.o [1]
  .text              ro code  0x080024a8    0x3c  stm32l1xx_pwr.o [1]
  .text              ro code  0x080024e4    0x9c  stm32l1xx_exti.o [1]
  .text              ro code  0x08002580   0x17c  system_stm32l1xx.o [1]
  .text              ro code  0x080026fc    0xd2  stm32l1xx_tim.o [1]
  .text              ro code  0x080027d0   0x250  main.o [1]
  .text              ro code  0x08002a20    0x64  stm32_eval.o [1]
  .text              ro code  0x08002a84    0x74  menu.o [1]
  .text              ro code  0x08002af8    0x20  stm32l1xx_i2c.o [1]
  .text              ro code  0x08002b18    0x1e  stm32l1xx_rtc.o [1]
  .text              ro code  0x08002b38    0x34  stm32l1xx_comp.o [1]
  .text              ro code  0x08002b6c    0x30  stm32l1xx_lcd.o [1]
  .text              ro code  0x08002b9c    0x68  misc.o [1]
  .text              ro code  0x08002c04    0x28  data_init.o [5]
  .iar.init_table    const    0x08002c2c    0x24  - Linker created -
  .text              ro code  0x08002c50    0x16  cmain.o [5]
  .text              ro code  0x08002c66     0x4  low_level_init.o [3]
  .text              ro code  0x08002c6a     0x4  exit.o [3]
  .text              ro code  0x08002c70     0xa  cexit.o [5]
  .text              ro code  0x08002c7c    0x14  exit.o [6]
  .text              ro code  0x08002c90    0x10  startup_stm32l1xx_md.o [1]
  .text              ro code  0x08002ca0     0xc  cstartup_M.o [5]
  .text              ro code  0x08002cac     0x4  startup_stm32l1xx_md.o [1]
  .text              ro code  0x08002cb0     0x4  startup_stm32l1xx_md.o [1]
  .text              ro code  0x08002cb4     0x4  startup_stm32l1xx_md.o [1]
  .text              ro code  0x08002cb8     0x4  startup_stm32l1xx_md.o [1]
  .text              ro code  0x08002cbc     0x4  startup_stm32l1xx_md.o [1]
  .text              ro code  0x08002cc0     0x4  startup_stm32l1xx_md.o [1]
  .text              ro code  0x08002cc4     0x4  startup_stm32l1xx_md.o [1]
  .text              ro code  0x08002cc8     0x4  startup_stm32l1xx_md.o [1]
  .text              ro code  0x08002ccc     0x4  startup_stm32l1xx_md.o [1]
  .text              ro code  0x08002cd0     0x4  startup_stm32l1xx_md.o [1]
  .text              ro code  0x08002cd4     0x4  startup_stm32l1xx_md.o [1]
  .text              ro code  0x08002cd8     0x4  startup_stm32l1xx_md.o [1]
  .text              ro code  0x08002cdc     0x4  startup_stm32l1xx_md.o [1]
  .text              ro code  0x08002ce0     0x4  startup_stm32l1xx_md.o [1]
  .text              ro code  0x08002ce4     0x4  startup_stm32l1xx_md.o [1]
  .text              ro code  0x08002ce8     0x4  startup_stm32l1xx_md.o [1]
  .text              ro code  0x08002cec     0x4  startup_stm32l1xx_md.o [1]
  .text              ro code  0x08002cf0     0x4  startup_stm32l1xx_md.o [1]
  .text              ro code  0x08002cf4     0x4  startup_stm32l1xx_md.o [1]
  .text              ro code  0x08002cf8     0x4  startup_stm32l1xx_md.o [1]
  .text              ro code  0x08002cfc     0x4  startup_stm32l1xx_md.o [1]
  .text              ro code  0x08002d00     0x4  startup_stm32l1xx_md.o [1]
  .text              ro code  0x08002d04     0x4  startup_stm32l1xx_md.o [1]
  .text              ro code  0x08002d08     0x4  startup_stm32l1xx_md.o [1]
  .text              ro code  0x08002d0c     0x4  startup_stm32l1xx_md.o [1]
  .text              ro code  0x08002d10     0x4  startup_stm32l1xx_md.o [1]
  .text              ro code  0x08002d14     0x4  startup_stm32l1xx_md.o [1]
  .text              ro code  0x08002d18     0x4  startup_stm32l1xx_md.o [1]
  .text              ro code  0x08002d1c     0x4  startup_stm32l1xx_md.o [1]
  .text              ro code  0x08002d20     0x4  startup_stm32l1xx_md.o [1]
  .text              ro code  0x08002d24     0x4  startup_stm32l1xx_md.o [1]
  .text              ro code  0x08002d28     0x4  startup_stm32l1xx_md.o [1]
  .text              ro code  0x08002d2c     0x4  startup_stm32l1xx_md.o [1]
  .text              ro code  0x08002d30     0x4  startup_stm32l1xx_md.o [1]
  .text              ro code  0x08002d34     0x4  startup_stm32l1xx_md.o [1]
  .text              ro code  0x08002d38     0x4  startup_stm32l1xx_md.o [1]
  .text              ro code  0x08002d3c     0x4  startup_stm32l1xx_md.o [1]
  .text              ro code  0x08002d40     0x4  startup_stm32l1xx_md.o [1]
  .text              ro code  0x08002d44     0x4  startup_stm32l1xx_md.o [1]
  .text              ro code  0x08002d48     0x4  startup_stm32l1xx_md.o [1]
  .text              ro code  0x08002d4c     0x4  startup_stm32l1xx_md.o [1]
  .text              ro code  0x08002d50     0x4  startup_stm32l1xx_md.o [1]
  .text              ro code  0x08002d54     0x4  startup_stm32l1xx_md.o [1]
  .text              ro code  0x08002d58     0x4  startup_stm32l1xx_md.o [1]
  .text              ro code  0x08002d5c     0x4  startup_stm32l1xx_md.o [1]
  .text              ro code  0x08002d60     0x4  startup_stm32l1xx_md.o [1]
  .text              ro code  0x08002d64     0x4  startup_stm32l1xx_md.o [1]
  .text              ro code  0x08002d68     0x4  startup_stm32l1xx_md.o [1]
  .text              ro code  0x08002d6c     0x4  startup_stm32l1xx_md.o [1]
  .text              ro code  0x08002d70     0x4  startup_stm32l1xx_md.o [1]
  .text              ro code  0x08002d74     0x4  startup_stm32l1xx_md.o [1]
  .text              ro code  0x08002d78     0x4  startup_stm32l1xx_md.o [1]
  .text              ro code  0x08002d7c     0x4  startup_stm32l1xx_md.o [1]
  .text              ro code  0x08002d80     0x4  startup_stm32l1xx_md.o [1]
  .rodata            const    0x08002d84     0x0  zero_init3.o [5]
  .rodata            const    0x08002d84     0x0  copy_init3.o [5]
  Initializer bytes  ro data  0x08002d84    0xa0  <for P2 s0>
                            - 0x08002e24  0x2d30

"P2", part 1 of 3:                          0xa0
  P2 s0                       0x20000000    0xa0  <Init block>
    .data            inited   0x20000000    0x31  menu.o [1]
    .data            inited   0x20000034    0x20  system_stm32l1xx.o [1]
    .data            inited   0x20000054    0x18  stm32_eval.o [1]
    .data            inited   0x2000006c    0x14  stm32l152_eval_lcd.o [1]
    .data            inited   0x20000080    0x10  main.o [1]
    .data            inited   0x20000090    0x10  stm32_eval.o [1]
                            - 0x200000a0    0xa0

"P2", part 2 of 3:                          0x18
  .bss               zero     0x200000a0     0xc  main.o [1]
  .bss               zero     0x200000ac     0x4  main.o [1]
  .bss               zero     0x200000b0     0x4  main.o [1]
  .bss               zero     0x200000b4     0x3  stm32l1xx_it.o [1]
  .bss               zero     0x200000b7     0x1  main.o [1]
                            - 0x200000b8    0x18

"P2", part 3 of 3:                         0x600
  CSTACK                      0x200000b8   0x600  <Block>
    CSTACK           uninit   0x200000b8   0x600  <Block tail>
                            - 0x200006b8   0x600


*******************************************************************************
*** INIT TABLE
***

          Address     Size
          -------     ----
Zero (__iar_zero_init3)
    1 destination range, total size 0x18:
          0x200000a0  0x18

Copy (__iar_copy_init3)
    1 source range, total size 0xa0:
          0x08002d84  0xa0
    1 destination range, total size 0xa0:
          0x20000000  0xa0



*******************************************************************************
*** MODULE SUMMARY
***

    Module                  ro code  ro data  rw data
    ------                  -------  -------  -------
C:\Users\Denis\Box\My Box Files\ENGINEER\embedded\STM32L152-EVAL\ST.com\STM32L152-EVAL_FW_V1.0.0\Project\STM32L152-EVAL\EWARM\STM32L152-EVAL\Obj: [1]
    main.o                      592       16       37
    menu.o                      116       49       49
    misc.o                      104
    startup_stm32l1xx_md.o      476
    stm32_eval.o                100       40       40
    stm32l152_eval_lcd.o      2 306    4 580       20
    stm32l1xx_comp.o             52
    stm32l1xx_exti.o            156
    stm32l1xx_gpio.o            174
    stm32l1xx_i2c.o              32
    stm32l1xx_it.o            1 672                 3
    stm32l1xx_lcd.o              48
    stm32l1xx_pwr.o              60
    stm32l1xx_rcc.o             188
    stm32l1xx_rtc.o              30
    stm32l1xx_spi.o             160
    stm32l1xx_tim.o             210
    system_stm32l1xx.o          380       35       32
    -------------------------------------------------
    Total:                    6 856    4 720      181

command line: [2]
    -------------------------------------------------
    Total:

dl7M_tln.a: [3]
    exit.o                        4
    low_level_init.o              4
    -------------------------------------------------
    Total:                        8

m7M_tl.a: [4]
    -------------------------------------------------
    Total:

rt7M_tl.a: [5]
    cexit.o                      10
    cmain.o                      22
    copy_init3.o                 46
    cstartup_M.o                 12
    data_init.o                  40
    zero_init3.o                 34
    -------------------------------------------------
    Total:                      164

shb_l.a: [6]
    exit.o                       20
    -------------------------------------------------
    Total:                       20

    Gaps                          8                 3
    Linker created                        36    1 536
-----------------------------------------------------
    Grand Total:              7 056    4 756    1 720


*******************************************************************************
*** ENTRY LIST
***

Entry                      Address    Size  Type      Object
-----                      -------    ----  ----      ------
?main                   0x08002c51          Code  Gb  cmain.o [5]
ADC1_IRQHandler         0x08002d19          Code  Wk  startup_stm32l1xx_md.o [1]
AHBPrescTable           0x20000040    0x10  Data  Gb  system_stm32l1xx.o [1]
ASCII16x24_Table        0x080000f4  0x11d0  Data  Gb  stm32l152_eval_lcd.o [1]
AlarmStatus             0x200000b5     0x1  Data  Lc  stm32l1xx_it.o [1]
BUTTON_PIN              0x08002a78     0xc  Data  Gb  stm32_eval.o [1]
BUTTON_PORT             0x20000054    0x18  Data  Gb  stm32_eval.o [1]
BackColor               0x2000006e     0x2  Data  Lc  stm32l152_eval_lcd.o [1]
BusFault_Handler        0x0800202f     0x2  Code  Gb  stm32l1xx_it.o [1]
COMP_GetOutputLevel     0x08002b51    0x12  Code  Gb  stm32l1xx_comp.o [1]
COMP_IRQHandler         0x080022a7    0x82  Code  Gb  stm32l1xx_it.o [1]
COMP_Init               0x08002b39    0x18  Code  Gb  stm32l1xx_comp.o [1]
CSTACK$$Base            0x200000b8           --   Gb  - Linker created -
CSTACK$$Limit           0x200006b8           --   Gb  - Linker created -
ContrastIndex           0x20000080     0x1  Data  Gb  main.o [1]
DAC_IRQHandler          0x08002d25          Code  Wk  startup_stm32l1xx_md.o [1]
DMA1_Channel1_IRQHandler
                        0x08002cfd          Code  Wk  startup_stm32l1xx_md.o [1]
DMA1_Channel2_IRQHandler
                        0x08002d01          Code  Wk  startup_stm32l1xx_md.o [1]
DMA1_Channel3_IRQHandler
                        0x08002d05          Code  Wk  startup_stm32l1xx_md.o [1]
DMA1_Channel4_IRQHandler
                        0x08002d09          Code  Wk  startup_stm32l1xx_md.o [1]
DMA1_Channel5_IRQHandler
                        0x08002d0d          Code  Wk  startup_stm32l1xx_md.o [1]
DMA1_Channel6_IRQHandler
                        0x08002d11          Code  Wk  startup_stm32l1xx_md.o [1]
DMA1_Channel7_IRQHandler
                        0x08002d15          Code  Wk  startup_stm32l1xx_md.o [1]
DOWNStatus              0x200000a0     0x4  Data  Lc  main.o [1]
DebugMon_Handler        0x08002035     0x2  Code  Gb  stm32l1xx_it.o [1]
Delay                   0x0800290d    0x14  Code  Gb  main.o [1]
Demo_DecrementTimingDelay
                        0x080028ff     0xe  Code  Gb  main.o [1]
Demo_Get_LedShowStatus  0x080029cb     0x6  Code  Gb  main.o [1]
Demo_IntExtOnOffConfig  0x08002895    0x4a  Code  Gb  main.o [1]
Demo_LedShow            0x08002995    0x2c  Code  Gb  main.o [1]
Demo_LedShowInit        0x08002921    0x74  Code  Gb  main.o [1]
Demo_SysTickConfig      0x08002859    0x3c  Code  Gb  main.o [1]
EXTI0_IRQHandler        0x080021c5    0x1c  Code  Gb  stm32l1xx_it.o [1]
EXTI15_10_IRQHandler    0x080021e1    0x1c  Code  Gb  stm32l1xx_it.o [1]
EXTI1_IRQHandler        0x08002ced          Code  Wk  startup_stm32l1xx_md.o [1]
EXTI2_IRQHandler        0x08002cf1          Code  Wk  startup_stm32l1xx_md.o [1]
EXTI3_IRQHandler        0x08002cf5          Code  Wk  startup_stm32l1xx_md.o [1]
EXTI4_IRQHandler        0x08002cf9          Code  Wk  startup_stm32l1xx_md.o [1]
EXTI9_5_IRQHandler      0x0800203f    0xc2  Code  Gb  stm32l1xx_it.o [1]
EXTI_ClearITPendingBit  0x0800256f     0x2  Code  Gb  stm32l1xx_exti.o [1]
EXTI_GetITStatus        0x08002559    0x16  Code  Gb  stm32l1xx_exti.o [1]
EXTI_Init               0x080024e5    0x64  Code  Gb  stm32l1xx_exti.o [1]
EXTI_StructInit         0x08002549    0x10  Code  Gb  stm32l1xx_exti.o [1]
FLASH_IRQHandler        0x08002ce1          Code  Wk  startup_stm32l1xx_md.o [1]
Font16x24               0x20000078     0x8  Data  Gb  stm32l152_eval_lcd.o [1]
GPIO_Init               0x08001d51    0x6e  Code  Gb  stm32l1xx_gpio.o [1]
GPIO_PIN                0x08002a70     0x8  Data  Gb  stm32_eval.o [1]
GPIO_PORT               0x20000090    0x10  Data  Gb  stm32_eval.o [1]
GPIO_PinAFConfig        0x08001ddb    0x24  Code  Gb  stm32l1xx_gpio.o [1]
GPIO_ReadInputDataBit   0x08001dbf     0xe  Code  Gb  stm32l1xx_gpio.o [1]
GPIO_SetBits            0x08001dcd     0x4  Code  Gb  stm32l1xx_gpio.o [1]
GPIO_WriteBit           0x08001dd1     0xa  Code  Gb  stm32l1xx_gpio.o [1]
HardFault_Handler       0x0800202b     0x2  Code  Gb  stm32l1xx_it.o [1]
I2C1_ER_IRQHandler      0x080021fd    0x74  Code  Gb  stm32l1xx_it.o [1]
I2C1_EV_IRQHandler      0x08002d4d          Code  Wk  startup_stm32l1xx_md.o [1]
I2C2_ER_IRQHandler      0x08002d59          Code  Wk  startup_stm32l1xx_md.o [1]
I2C2_EV_IRQHandler      0x08002d55          Code  Wk  startup_stm32l1xx_md.o [1]
I2C_ClearITPendingBit   0x08002b11     0x2  Code  Gb  stm32l1xx_i2c.o [1]
I2C_GetITStatus         0x08002af9    0x18  Code  Gb  stm32l1xx_i2c.o [1]
Index                   0x200000b4     0x1  Data  Gb  stm32l1xx_it.o [1]
LCDContrast             0x20000084     0xc  Data  Gb  main.o [1]
LCDType                 0x20000074     0x4  Data  Lc  stm32l152_eval_lcd.o [1]
LCD_Clear               0x0800173b    0x22  Code  Gb  stm32l152_eval_lcd.o [1]
LCD_ClearLine           0x0800170d    0x2e  Code  Gb  stm32l152_eval_lcd.o [1]
LCD_Cmd                 0x08002b6d     0x6  Code  Gb  stm32l1xx_lcd.o [1]
LCD_ContrastConfig      0x08002b87     0xa  Code  Gb  stm32l1xx_lcd.o [1]
LCD_CtrlLinesConfig     0x08001aa5    0x2c  Code  Gb  stm32l152_eval_lcd.o [1]
LCD_CtrlLinesWrite      0x08001ad1     0x4  Code  Gb  stm32l152_eval_lcd.o [1]
LCD_Currentfonts        0x20000070     0x4  Data  Lc  stm32l152_eval_lcd.o [1]
LCD_DisplayChar         0x080017ef    0x1c  Code  Gb  stm32l152_eval_lcd.o [1]
LCD_DisplayStringLine   0x0800180b    0x36  Code  Gb  stm32l152_eval_lcd.o [1]
LCD_DrawChar            0x08001771    0x72  Code  Gb  stm32l152_eval_lcd.o [1]
LCD_DrawLine            0x080018a1    0x42  Code  Gb  stm32l152_eval_lcd.o [1]
LCD_DrawRect            0x080018eb    0x40  Code  Gb  stm32l152_eval_lcd.o [1]
LCD_GetFont             0x08001705     0x8  Code  Gb  stm32l152_eval_lcd.o [1]
LCD_IRQHandler          0x08002d31          Code  Wk  startup_stm32l1xx_md.o [1]
LCD_ReadReg             0x0800199d    0x94  Code  Gb  stm32l152_eval_lcd.o [1]
LCD_SPIConfig           0x08001ad5    0xa8  Code  Gb  stm32l152_eval_lcd.o [1]
LCD_SetBackColor        0x080016f5    0x10  Code  Gb  stm32l152_eval_lcd.o [1]
LCD_SetCursor           0x0800175d    0x14  Code  Gb  stm32l152_eval_lcd.o [1]
LCD_SetDisplayWindow    0x08001841    0x3c  Code  Gb  stm32l152_eval_lcd.o [1]
LCD_SetTextColor        0x080016e5    0x10  Code  Gb  stm32l152_eval_lcd.o [1]
LCD_Setup               0x080012c5   0x38e  Code  Gb  stm32l152_eval_lcd.o [1]
LCD_WaitForSynchro      0x08002b73     0xa  Code  Gb  stm32l1xx_lcd.o [1]
LCD_WindowModeDisable   0x08001883    0x1e  Code  Gb  stm32l152_eval_lcd.o [1]
LCD_WriteRAM            0x08001a65    0x12  Code  Gb  stm32l152_eval_lcd.o [1]
LCD_WriteRAMWord        0x08001a51    0x14  Code  Gb  stm32l152_eval_lcd.o [1]
LCD_WriteRAM_Prepare    0x08001a41    0x10  Code  Gb  stm32l152_eval_lcd.o [1]
LCD_WriteReg            0x0800195f    0x1c  Code  Gb  stm32l152_eval_lcd.o [1]
LCD_WriteRegIndex       0x0800193f    0x20  Code  Gb  stm32l152_eval_lcd.o [1]
LCD_nCS_StartByte       0x0800192f    0x10  Code  Gb  stm32l152_eval_lcd.o [1]
LedCounter              0x200000b6     0x1  Data  Lc  stm32l1xx_it.o [1]
LedShowStatus           0x200000b0     0x4  Data  Lc  main.o [1]
LowPowerStatus          0x200000b7     0x1  Data  Gb  main.o [1]
MemManage_Handler       0x0800202d     0x2  Code  Gb  stm32l1xx_it.o [1]
Menu_ReadKey            0x08002a85    0x74  Code  Gb  menu.o [1]
NMI_Handler             0x08001e3d   0x19e  Code  Gb  stm32l1xx_it.o [1]
NVIC_Init               0x08002b9d    0x58  Code  Gb  misc.o [1]
NVIC_SetPriority        0x080027d1    0x1e  Code  Lc  main.o [1]
NVIC_SystemReset        0x08001e21    0x1c  Code  Lc  stm32l1xx_it.o [1]
PLLMulTable             0x20000034     0xc  Data  Gb  system_stm32l1xx.o [1]
PVD_IRQHandler          0x08001feb    0x40  Code  Gb  stm32l1xx_it.o [1]
PWR_EnterSTANDBYMode    0x080024a9    0x20  Code  Gb  stm32l1xx_pwr.o [1]
PWR_GetFlagStatus       0x080024c9    0x10  Code  Gb  stm32l1xx_pwr.o [1]
PendSV_Handler          0x08002037     0x2  Code  Gb  stm32l1xx_it.o [1]
RCC_AHBPeriphClockCmd   0x08001cb1    0x12  Code  Gb  stm32l1xx_rcc.o [1]
RCC_APB1PeriphResetCmd  0x08001ce7    0x12  Code  Gb  stm32l1xx_rcc.o [1]
RCC_APB2PeriphClockCmd  0x08001cc3    0x12  Code  Gb  stm32l1xx_rcc.o [1]
RCC_APB2PeriphResetCmd  0x08001cd5    0x12  Code  Gb  stm32l1xx_rcc.o [1]
RCC_ClearITPendingBit   0x08001d23     0x6  Code  Gb  stm32l1xx_rcc.o [1]
RCC_GetFlagStatus       0x08001cf9    0x1a  Code  Gb  stm32l1xx_rcc.o [1]
RCC_GetITStatus         0x08001d13    0x10  Code  Gb  stm32l1xx_rcc.o [1]
RCC_HSEConfig           0x08001c95     0x4  Code  Gb  stm32l1xx_rcc.o [1]
RCC_IRQHandler          0x08002ce5          Code  Wk  startup_stm32l1xx_md.o [1]
RCC_MSIRangeConfig      0x08001c99     0xa  Code  Gb  stm32l1xx_rcc.o [1]
RTC_Alarm_IRQHandler    0x08002281    0x24  Code  Gb  stm32l1xx_it.o [1]
RTC_ClearITPendingBit   0x08002b19     0xe  Code  Gb  stm32l1xx_rtc.o [1]
RTC_WKUP_IRQHandler     0x0800203d     0x2  Code  Gb  stm32l1xx_it.o [1]
Region$$Table$$Base     0x08002c2c           --   Gb  - Linker created -
Region$$Table$$Limit    0x08002c50           --   Gb  - Linker created -
Reset_Handler           0x08002c91          Code  Wk  startup_stm32l1xx_md.o [1]
SELStatus               0x200000a8     0x4  Data  Lc  main.o [1]
SMbusAlertOccurred      0x20000030     0x1  Data  Gb  menu.o [1]
SPI1_IRQHandler         0x08002d5d          Code  Wk  startup_stm32l1xx_md.o [1]
SPI2_IRQHandler         0x08002d61          Code  Wk  startup_stm32l1xx_md.o [1]
SPI_Cmd                 0x08001c6b    0x14  Code  Gb  stm32l1xx_spi.o [1]
SPI_I2S_DeInit          0x08001bf5    0x40  Code  Gb  stm32l1xx_spi.o [1]
SPI_I2S_GetFlagStatus   0x08001c87     0xe  Code  Gb  stm32l1xx_spi.o [1]
SPI_I2S_ReceiveData     0x08001c7f     0x4  Code  Gb  stm32l1xx_spi.o [1]
SPI_I2S_SendData        0x08001c83     0x4  Code  Gb  stm32l1xx_spi.o [1]
SPI_Init                0x08001c3d    0x2e  Code  Gb  stm32l1xx_spi.o [1]
STM32L152_LCD_Init      0x080016b9    0x2c  Code  Gb  stm32l152_eval_lcd.o [1]
STM_EVAL_LEDOff         0x08002a35    0x14  Code  Gb  stm32_eval.o [1]
STM_EVAL_LEDOn          0x08002a21    0x14  Code  Gb  stm32_eval.o [1]
STM_EVAL_PBGetState     0x08002a49    0x20  Code  Gb  stm32_eval.o [1]
SVC_Handler             0x08002033     0x2  Code  Gb  stm32l1xx_it.o [1]
Set_DOWNStatus          0x080029d1     0x8  Code  Gb  main.o [1]
Set_SELStatus           0x080029e1     0x8  Code  Gb  main.o [1]
Set_UPStatus            0x080029d9     0x8  Code  Gb  main.o [1]
SysTick_Handler         0x08002039     0x4  Code  Gb  stm32l1xx_it.o [1]
SystemCoreClock         0x20000050     0x4  Data  Gb  system_stm32l1xx.o [1]
SystemCoreClockUpdate   0x08002667    0x6c  Code  Gb  system_stm32l1xx.o [1]
SystemInit              0x08002581    0xe6  Code  Gb  system_stm32l1xx.o [1]
TAMPER_STAMP_IRQHandler
                        0x08002cd9          Code  Wk  startup_stm32l1xx_md.o [1]
TIM10_IRQHandler        0x08002d39          Code  Wk  startup_stm32l1xx_md.o [1]
TIM11_IRQHandler        0x08002d3d          Code  Wk  startup_stm32l1xx_md.o [1]
TIM2_IRQHandler         0x08002113    0xb2  Code  Gb  stm32l1xx_it.o [1]
TIM3_IRQHandler         0x08002d45          Code  Wk  startup_stm32l1xx_md.o [1]
TIM4_IRQHandler         0x08002d49          Code  Wk  startup_stm32l1xx_md.o [1]
TIM6_IRQHandler         0x080022a5     0x2  Code  Gb  stm32l1xx_it.o [1]
TIM7_IRQHandler         0x08002d81          Code  Wk  startup_stm32l1xx_md.o [1]
TIM9_IRQHandler         0x08002d35          Code  Wk  startup_stm32l1xx_md.o [1]
TIM_ClearITPendingBit   0x080027c7     0x2  Code  Gb  stm32l1xx_tim.o [1]
TIM_Cmd                 0x08002765    0x14  Code  Gb  stm32l1xx_tim.o [1]
TIM_ITConfig            0x080027b7    0x10  Code  Gb  stm32l1xx_tim.o [1]
TIM_OC1Init             0x08002779    0x32  Code  Gb  stm32l1xx_tim.o [1]
TIM_OCStructInit        0x080027ab     0xc  Code  Gb  stm32l1xx_tim.o [1]
TIM_SetAutoreload       0x08002761     0x4  Code  Gb  stm32l1xx_tim.o [1]
TIM_TimeBaseInit        0x080026fd    0x42  Code  Gb  stm32l1xx_tim.o [1]
TIM_TimeBaseStructInit  0x08002751    0x10  Code  Gb  stm32l1xx_tim.o [1]
TempCelsiusDisplay      0x20000000    0x18  Data  Lc  menu.o [1]
TempFahrenheitDisplay   0x20000018    0x18  Data  Gb  menu.o [1]
TextColor               0x2000006c     0x2  Data  Lc  stm32l152_eval_lcd.o [1]
TimingDelay             0x200000ac     0x4  Data  Lc  main.o [1]
UPStatus                0x200000a4     0x4  Data  Lc  main.o [1]
USART1_IRQHandler       0x08002d65          Code  Wk  startup_stm32l1xx_md.o [1]
USART2_IRQHandler       0x08002d69          Code  Wk  startup_stm32l1xx_md.o [1]
USART3_IRQHandler       0x08002d6d          Code  Wk  startup_stm32l1xx_md.o [1]
USB_FS_WKUP_IRQHandler  0x08002d79          Code  Wk  startup_stm32l1xx_md.o [1]
USB_HP_IRQHandler       0x08002d1d          Code  Wk  startup_stm32l1xx_md.o [1]
USB_LP_IRQHandler       0x0800236d     0x2  Code  Gb  stm32l1xx_it.o [1]
UsageFault_Handler      0x08002031     0x2  Code  Gb  stm32l1xx_it.o [1]
WWDG_IRQHandler         0x08002cd1          Code  Wk  startup_stm32l1xx_md.o [1]
__cmain                 0x08002c51          Code  Gb  cmain.o [5]
__exit                  0x08002c7d    0x14  Code  Gb  exit.o [6]
__iar_copy_init3        0x08001bc7    0x2e  Code  Gb  copy_init3.o [5]
__iar_data_init3        0x08002c05    0x28  Code  Gb  data_init.o [5]
__iar_program_start     0x08002ca1          Code  Gb  cstartup_M.o [5]
__iar_zero_init3        0x08001dff    0x22  Code  Gb  zero_init3.o [5]
__low_level_init        0x08002c67     0x4  Code  Gb  low_level_init.o [3]
__vector_table          0x08000000          Data  Gb  startup_stm32l1xx_md.o [1]
_call_main              0x08002c5d          Code  Gb  cmain.o [5]
_exit                   0x08002c71          Code  Gb  cexit.o [5]
_main                   0x08002c63          Code  Gb  cmain.o [5]
delay                   0x08001ba5    0x22  Code  Lc  stm32l152_eval_lcd.o [1]
exit                    0x08002c6b     0x4  Code  Gb  exit.o [3]
main                    0x080027ef    0x58  Code  Gb  main.o [1]


[1] = C:\Users\Denis\Box\My Box Files\ENGINEER\embedded\STM32L152-EVAL\ST.com\STM32L152-EVAL_FW_V1.0.0\Project\STM32L152-EVAL\EWARM\STM32L152-EVAL\Obj
[2] = command line
[3] = dl7M_tln.a
[4] = m7M_tl.a
[5] = rt7M_tl.a
[6] = shb_l.a

  7 056 bytes of readonly  code memory
  4 756 bytes of readonly  data memory
  1 720 bytes of readwrite data memory

Errors: none
Warnings: none
